[DQ] 이상 수익률 1,717,684건 마스킹 (거래정지 공백·가격제한폭 초과·이상가격)
[준비] 57s
   [전체(거래대금 상위60%)] 2010-06-30 유니버스 147
   [전체(거래대금 상위60%)] 2015-06-30 유니버스 998
   [전체(거래대금 상위60%)] 2020-06-30 유니버스 1,206
   [전체(거래대금 상위60%)] 2025-06-30 유니버스 1,393

====================================================================================================
■ 전체 유니버스 (거래대금 상위 60%)
====================================================================================================
                  CAGR       MDD  Sharpe    초과CAGR      IR       월승률    최종배수    연회전율
MOM_12_1       -26.50%   -98.65%   -0.73   -25.39%   -0.78    41.54%    0.04    5.61
TREND_MOM      -26.03%   -98.51%   -0.73   -24.92%   -0.78    43.08%    0.04    5.73
KRQ_T          -15.11%   -87.55%   -0.72   -14.00%   -0.91    43.41%    0.17   10.63
KRQ_T_STRICT    -8.55%   -81.79%   -0.33         -   -0.22    35.85%    0.38    6.56
REVERSAL        -4.61%   -70.38%   -0.21    -3.50%    0.02    49.23%    0.60    6.66
EW_평균종목         -1.11%   -49.76%   -0.20     0.00%       -    51.54%    0.89       -
KOSPI지수          7.32%   -34.62%    0.24         -    0.59    55.73%    2.16       -
LOWVOL           1.09%   -36.33%   -0.15     2.20%    0.05    54.62%    1.12    4.80

====================================================================================================
■ 대형주 유니버스 (거래대금 상위 200)
====================================================================================================
                  CAGR       MDD  Sharpe    초과CAGR      IR       월승률    최종배수    연회전율
TREND_MOM      -21.80%   -97.49%   -0.63   -11.41%   -0.30    43.08%    0.07    5.79
MOM_12_1       -20.24%   -97.20%   -0.58    -9.85%   -0.21    41.54%    0.09    5.65
REVERSAL       -19.10%   -93.64%   -0.70    -8.70%   -0.35    43.85%    0.10    6.35
EW_평균종목        -10.39%   -81.35%   -0.63     0.00%       -    48.46%    0.30       -
KRQ_T           -8.42%   -81.83%   -0.41     1.97%    0.21    48.06%    0.39   10.53
KRQ_T_STRICT    -0.43%   -65.94%   -0.09         -    0.46    37.96%    0.95    2.56
KOSPI지수          7.32%   -34.62%    0.24         -    1.52    55.73%    2.16       -
LOWVOL           6.37%   -45.64%    0.21    16.76%    0.97    60.00%    1.95    3.69

====================================================================================================
랜덤 포트폴리오 대조군 200회 (대형주 유니버스, 15종목) — 우연 대비 실력 판정
====================================================================================================
  50/200 평균 -12.85% (128s)
  100/200 평균 -13.12% (184s)
  150/200 평균 -12.93% (235s)
  200/200 평균 -12.61% (289s)

  랜덤 CAGR 분포: 5%ile -19.02% | 중앙값 -12.45% | 95%ile -6.07% | 평균 -12.61%

  전략별 랜덤 대비 백분위 (95%ile 초과해야 알파 주장 가능):
    MOM_12_1       CAGR -20.24%  →  랜덤 대비 상위  96.0%  ❌ 무의미
    LOWVOL         CAGR   6.37%  →  랜덤 대비 상위   0.0%  ✅ 유의
    TREND_MOM      CAGR -21.80%  →  랜덤 대비 상위  98.0%  ❌ 무의미
    KRQ_T          CAGR  -8.42%  →  랜덤 대비 상위  11.5%  △ 미약
    KRQ_T_STRICT   CAGR  -0.43%  →  랜덤 대비 상위   0.5%  ✅ 유의
    REVERSAL       CAGR -19.10%  →  랜덤 대비 상위  95.0%  ❌ 무의미

[완료] 297s
