[DQ] 이상 수익률 1,717,684건 마스킹 (거래정지 공백·가격제한폭 초과·이상가격)
[준비] 38s   KOSPI 기준선 CAGR 7.32%

========================================================================================================
H1+H2  분산(종목 수) × 회전율(리밸런스 주기)  — 저변동성 선택 기준 고정
========================================================================================================
유니버스           종목수    주기     CAGR      MDD  Sharpe  vs KOSPI     회전율
대형주200          15     월    6.37%   -45.6%    0.21    -0.95p    3.69
대형주200          30     월    5.69%   -45.4%    0.17    -1.63p    3.00
대형주200          50     월    5.08%   -40.1%    0.13    -2.24p    2.79
대형주200         100     월    4.75%   -39.6%    0.09    -2.56p    2.73
대형주200          15   연1회    7.68%   -13.1%    0.09    +0.36p    0.67
대형주200          30   연1회    7.41%   -18.4%    0.07    +0.09p    0.56
대형주200          50   연1회    7.96%   -19.5%    0.07    +0.64p    0.53
대형주200         100   연1회    6.64%   -24.1%    0.04    -0.68p    0.57
전체60%           15     월    1.09%   -36.3%   -0.15    -6.23p    4.80
전체60%           30     월    0.15%   -41.2%   -0.23    -7.17p    4.66
전체60%           50     월    0.61%   -42.4%   -0.18    -6.71p    4.36
전체60%          100     월    1.83%   -42.5%   -0.08    -5.49p    4.08
전체60%           15   연1회    1.43%   -14.8%   -0.05    -5.89p    0.78
전체60%           30   연1회    4.46%    -7.6%    0.05    -2.86p    0.75
전체60%           50   연1회    5.54%   -10.2%    0.07    -1.78p    0.73
전체60%          100   연1회    3.93%   -12.9%    0.02    -3.39p    0.70

========================================================================================================
H3  '뜨거운 주식 회피' 필터 (린치 1순위 금기) — 모멘텀 상위 30% 배제 후 저변동성
========================================================================================================
유니버스           종목수    주기        기본       핫배제        차이
대형주200          30     월     5.69%     4.31%    -1.38p
대형주200          50     월     5.08%     4.50%    -0.58p
대형주200          30   연1회     7.41%     6.72%    -0.69p
대형주200          50   연1회     7.96%     7.86%    -0.10p
전체60%           30     월     0.15%    -1.09%    -1.24p
전체60%           50     월     0.61%    -1.18%    -1.79p
전체60%           30   연1회     4.46%     3.41%    -1.05p
전체60%           50   연1회     5.54%     4.49%    -1.04p

[완료] 53s
