[DQ] 이상 수익률 1,717,684건 마스킹 (거래정지 공백·가격제한폭 초과·이상가격)
[준비] 30s

================================================================================================
월간 시가평가 기준 재측정 (리밸런스 주기만 다름) — MDD·Sharpe 비교 가능
================================================================================================
전략                               CAGR      MDD  Sharpe  vs KOSPI     회전율
KOSPI 지수                        7.32%   -34.6%    0.24                 -
저변동성 대형주200 15종목 월              7.16%   -45.8%    0.25    -0.16p    3.69
저변동성 대형주200 30종목 월              6.42%   -45.6%    0.21    -0.90p    3.00
저변동성 대형주200 50종목 월              6.13%   -40.5%    0.18    -1.19p    2.79
저변동성 대형주200 15종목 연1회            6.93%   -40.2%    0.23    -0.38p    0.61
저변동성 대형주200 30종목 연1회            5.90%   -44.1%    0.18    -1.42p    0.52
저변동성 대형주200 50종목 연1회            6.59%   -46.5%    0.22    -0.73p    0.48
저변동성 전체60% 15종목 월               2.03%   -36.3%   -0.07    -5.29p    4.80
저변동성 전체60% 30종목 월               0.85%   -40.4%   -0.17    -6.47p    4.66
저변동성 전체60% 50종목 월               1.70%   -42.2%   -0.09    -5.62p    4.36
저변동성 전체60% 15종목 연1회             2.06%   -37.3%   -0.08    -5.26p    0.71
저변동성 전체60% 30종목 연1회             4.18%   -32.8%    0.09    -3.14p    0.69
저변동성 전체60% 50종목 연1회             4.58%   -37.5%    0.11    -2.74p    0.67

최고 성과: 저변동성 대형주200 15종목 월  CAGR 7.16%

================================================================================================
랜덤 대조군 150회 — 동일 조건(대형주200 / 15종목 / 연1회)에서 무작위 선택
================================================================================================
  50/150 평균 -3.67% (57s)
  100/150 평균 -3.96% (75s)
  150/150 평균 -3.96% (93s)

  랜덤(50종목·연1회) CAGR: 5%ile -7.74% | 중앙값 -3.78% | 95%ile -1.37% | 평균 -3.96%
  저변동성 50종목 연1회: 6.59%  →  랜덤 대비 100.0%ile  ✅ 유의
  KOSPI 지수:            7.32%  →  랜덤 대비 100.0%ile

[완료] 93s
